> Task :app:preBuild UP-TO-DATE
> Task :app:preDebugBuild UP-TO-DATE
> Task :app:mergeDebugNativeDebugMetadata NO-SOURCE
> Task :app:checkKotlinGradlePluginConfigurationErrors
> Task :app:checkDebugAarMetadata UP-TO-DATE
> Task :app:generateDebugResValues UP-TO-DATE
> Task :app:mapDebugSourceSetPaths UP-TO-DATE
> Task :app:generateDebugResources UP-TO-DATE
> Task :app:mergeDebugResources UP-TO-DATE
> Task :app:packageDebugResources UP-TO-DATE
> Task :app:parseDebugLocalResources UP-TO-DATE
> Task :app:createDebugCompatibleScreenManifests UP-TO-DATE
> Task :app:extractDeepLinksDebug UP-TO-DATE
> Task :app:processDebugMainManifest UP-TO-DATE
> Task :app:processDebugManifest UP-TO-DATE
> Task :app:processDebugManifestForPackage UP-TO-DATE
> Task :app:processDebugResources FAILED

[Incubating] Problems report is available at: file:///C:/Users/sachi/OneDrive/Desktop/app/build/reports/problems/problems-report.html
.\gradlew : 
At line:1 char:1
+ .\gradlew assembleDebug > 
build_output.txt 2>&1
+ ~~~~~~~~~~~~~~~~~~~~~~~~~~~~~~~~
~~~~~~~~~~~~~~~
    + CategoryInfo          : Not 
   Specified: (:String) [], Remo  
  teException
    + FullyQualifiedErrorId : Nat 
   iveCommandError
 
FAILURE: Build failed with an 
exception.

* What went wrong:
Execution failed for task 
':app:processDebugResources'.
> Cannot mutate the dependencies 
of configuration 
':app:debugCompileClasspath' 
after the configuration was 
resolved. After a configuration 
has been observed, it should not 
be modified.

* Try:
> Run with --stacktrace option to 
get the stack trace.
> Run with --info or --debug 
option to get more log output.
> Run with --scan to generate a 
Build Scan (Powered by 
Develocity).
> Get more help at 
https://help.gradle.org.

Deprecated Gradle features were used in this build, making it incompatible with Gradle 10.

You can use '--warning-mode all' to show the individual deprecation warnings and determine if they come from your own scripts or plugins.

For more on this, please refer to https://docs.gradle.org/9.0.0/userguide/command_line_interface.html#sec:command_line_warnings in the Gradle documentation.

BUILD FAILED in 3s
13 actionable tasks: 2 executed, 11 up-to-date
